C:/Users/rashu/Downloads/STSW-STLKT01_V2.2.0/STSW-STLKT01_V2.2.0/Projects/SensorTile/Applications/AudioLoop_backup25July2020/STM32CubeIDE/tensorflow/tensorflow/lite/micro/tools/make/downloads/cmsis/CMSIS/NN/Tests/UnitTest/Corstone-300/retarget.c:34:15:UartPutc	0	static
C:/Users/rashu/Downloads/STSW-STLKT01_V2.2.0/STSW-STLKT01_V2.2.0/Projects/SensorTile/Applications/AudioLoop_backup25July2020/STM32CubeIDE/tensorflow/tensorflow/lite/micro/tools/make/downloads/cmsis/CMSIS/NN/Tests/UnitTest/Corstone-300/retarget.c:36:15:UartGetc	8	static
C:/Users/rashu/Downloads/STSW-STLKT01_V2.2.0/STSW-STLKT01_V2.2.0/Projects/SensorTile/Applications/AudioLoop_backup25July2020/STM32CubeIDE/tensorflow/tensorflow/lite/micro/tools/make/downloads/cmsis/CMSIS/NN/Tests/UnitTest/Corstone-300/retarget.c:38:32:UartEndSimulation	8	static
C:/Users/rashu/Downloads/STSW-STLKT01_V2.2.0/STSW-STLKT01_V2.2.0/Projects/SensorTile/Applications/AudioLoop_backup25July2020/STM32CubeIDE/tensorflow/tensorflow/lite/micro/tools/make/downloads/cmsis/CMSIS/NN/Tests/UnitTest/Corstone-300/retarget.c:47:6:exit	8	static
C:/Users/rashu/Downloads/STSW-STLKT01_V2.2.0/STSW-STLKT01_V2.2.0/Projects/SensorTile/Applications/AudioLoop_backup25July2020/STM32CubeIDE/tensorflow/tensorflow/lite/micro/tools/make/downloads/cmsis/CMSIS/NN/Tests/UnitTest/Corstone-300/retarget.c:68:5:SER_PutChar	8	static
C:/Users/rashu/Downloads/STSW-STLKT01_V2.2.0/STSW-STLKT01_V2.2.0/Projects/SensorTile/Applications/AudioLoop_backup25July2020/STM32CubeIDE/tensorflow/tensorflow/lite/micro/tools/make/downloads/cmsis/CMSIS/NN/Tests/UnitTest/Corstone-300/retarget.c:70:5:SER_GetChar	8	static
C:/Users/rashu/Downloads/STSW-STLKT01_V2.2.0/STSW-STLKT01_V2.2.0/Projects/SensorTile/Applications/AudioLoop_backup25July2020/STM32CubeIDE/tensorflow/tensorflow/lite/micro/tools/make/downloads/cmsis/CMSIS/NN/Tests/UnitTest/Corstone-300/retarget.c:236:5:_open	0	static
C:/Users/rashu/Downloads/STSW-STLKT01_V2.2.0/STSW-STLKT01_V2.2.0/Projects/SensorTile/Applications/AudioLoop_backup25July2020/STM32CubeIDE/tensorflow/tensorflow/lite/micro/tools/make/downloads/cmsis/CMSIS/NN/Tests/UnitTest/Corstone-300/retarget.c:243:5:_close	0	static
C:/Users/rashu/Downloads/STSW-STLKT01_V2.2.0/STSW-STLKT01_V2.2.0/Projects/SensorTile/Applications/AudioLoop_backup25July2020/STM32CubeIDE/tensorflow/tensorflow/lite/micro/tools/make/downloads/cmsis/CMSIS/NN/Tests/UnitTest/Corstone-300/retarget.c:249:5:_lseek	0	static
C:/Users/rashu/Downloads/STSW-STLKT01_V2.2.0/STSW-STLKT01_V2.2.0/Projects/SensorTile/Applications/AudioLoop_backup25July2020/STM32CubeIDE/tensorflow/tensorflow/lite/micro/tools/make/downloads/cmsis/CMSIS/NN/Tests/UnitTest/Corstone-300/retarget.c:257:27:_fstat	8	static
C:/Users/rashu/Downloads/STSW-STLKT01_V2.2.0/STSW-STLKT01_V2.2.0/Projects/SensorTile/Applications/AudioLoop_backup25July2020/STM32CubeIDE/tensorflow/tensorflow/lite/micro/tools/make/downloads/cmsis/CMSIS/NN/Tests/UnitTest/Corstone-300/retarget.c:265:5:_isatty	0	static
C:/Users/rashu/Downloads/STSW-STLKT01_V2.2.0/STSW-STLKT01_V2.2.0/Projects/SensorTile/Applications/AudioLoop_backup25July2020/STM32CubeIDE/tensorflow/tensorflow/lite/micro/tools/make/downloads/cmsis/CMSIS/NN/Tests/UnitTest/Corstone-300/retarget.c:271:5:_read	16	static
C:/Users/rashu/Downloads/STSW-STLKT01_V2.2.0/STSW-STLKT01_V2.2.0/Projects/SensorTile/Applications/AudioLoop_backup25July2020/STM32CubeIDE/tensorflow/tensorflow/lite/micro/tools/make/downloads/cmsis/CMSIS/NN/Tests/UnitTest/Corstone-300/retarget.c:288:5:_write	16	static
