/home/rajat/Desktop/COURSES/Semester_7/Drivers/BSP/SensorTile/SensorTile_audio.c:258:9:BSP_AUDIO_OUT_DeInit	16	static
/home/rajat/Desktop/COURSES/Semester_7/Drivers/BSP/SensorTile/SensorTile_audio.c:296:26:MX_SAI1_Block_A_Init	8	static
/home/rajat/Desktop/COURSES/Semester_7/Drivers/BSP/SensorTile/SensorTile_audio.c:348:26:MX_SAI1_ClockConfig	144	static
/home/rajat/Desktop/COURSES/Semester_7/Drivers/BSP/SensorTile/SensorTile_audio.c:185:9:BSP_AUDIO_OUT_Init	128	static
/home/rajat/Desktop/COURSES/Semester_7/Drivers/BSP/SensorTile/SensorTile_audio.c:385:9:BSP_AUDIO_OUT_Play	8	static
/home/rajat/Desktop/COURSES/Semester_7/Drivers/BSP/SensorTile/SensorTile_audio.c:423:9:BSP_AUDIO_OUT_Pause	8	static
/home/rajat/Desktop/COURSES/Semester_7/Drivers/BSP/SensorTile/SensorTile_audio.c:458:9:BSP_AUDIO_OUT_Resume	8	static
/home/rajat/Desktop/COURSES/Semester_7/Drivers/BSP/SensorTile/SensorTile_audio.c:490:9:BSP_AUDIO_OUT_Stop	16	static
/home/rajat/Desktop/COURSES/Semester_7/Drivers/BSP/SensorTile/SensorTile_audio.c:535:9:BSP_AUDIO_OUT_SetVolume	16	static
/home/rajat/Desktop/COURSES/Semester_7/Drivers/BSP/SensorTile/SensorTile_audio.c:573:9:BSP_AUDIO_OUT_GetVolume	0	static
/home/rajat/Desktop/COURSES/Semester_7/Drivers/BSP/SensorTile/SensorTile_audio.c:594:9:BSP_AUDIO_OUT_Mute	8	static
/home/rajat/Desktop/COURSES/Semester_7/Drivers/BSP/SensorTile/SensorTile_audio.c:624:9:BSP_AUDIO_OUT_UnMute	8	static
/home/rajat/Desktop/COURSES/Semester_7/Drivers/BSP/SensorTile/SensorTile_audio.c:655:9:BSP_AUDIO_OUT_IsMute	0	static
/home/rajat/Desktop/COURSES/Semester_7/Drivers/BSP/SensorTile/SensorTile_audio.c:678:9:BSP_AUDIO_OUT_SetDevice	64	static
/home/rajat/Desktop/COURSES/Semester_7/Drivers/BSP/SensorTile/SensorTile_audio.c:724:9:BSP_AUDIO_OUT_GetDevice	0	static
/home/rajat/Desktop/COURSES/Semester_7/Drivers/BSP/SensorTile/SensorTile_audio.c:749:9:BSP_AUDIO_OUT_SetSampleRate	72	static
/home/rajat/Desktop/COURSES/Semester_7/Drivers/BSP/SensorTile/SensorTile_audio.c:805:9:BSP_AUDIO_OUT_GetSampleRate	0	static
/home/rajat/Desktop/COURSES/Semester_7/Drivers/BSP/SensorTile/SensorTile_audio.c:828:9:BSP_AUDIO_OUT_SetBitsPerSample	0	static
/home/rajat/Desktop/COURSES/Semester_7/Drivers/BSP/SensorTile/SensorTile_audio.c:858:9:BSP_AUDIO_OUT_GetBitsPerSample	0	static
/home/rajat/Desktop/COURSES/Semester_7/Drivers/BSP/SensorTile/SensorTile_audio.c:882:9:BSP_AUDIO_OUT_SetChannelsNbr	0	static
/home/rajat/Desktop/COURSES/Semester_7/Drivers/BSP/SensorTile/SensorTile_audio.c:918:9:BSP_AUDIO_OUT_GetChannelsNbr	0	static
/home/rajat/Desktop/COURSES/Semester_7/Drivers/BSP/SensorTile/SensorTile_audio.c:942:9:BSP_AUDIO_OUT_GetState	0	static
/home/rajat/Desktop/COURSES/Semester_7/Drivers/BSP/SensorTile/SensorTile_audio.c:1010:13:BSP_AUDIO_OUT_TransferComplete_CallBack	0	static
/home/rajat/Desktop/COURSES/Semester_7/Drivers/BSP/SensorTile/SensorTile_audio.c:966:6:HAL_SAI_TxCpltCallback	8	static
/home/rajat/Desktop/COURSES/Semester_7/Drivers/BSP/SensorTile/SensorTile_audio.c:1021:13:BSP_AUDIO_OUT_HalfTransfer_CallBack	0	static
/home/rajat/Desktop/COURSES/Semester_7/Drivers/BSP/SensorTile/SensorTile_audio.c:981:6:HAL_SAI_TxHalfCpltCallback	8	static
/home/rajat/Desktop/COURSES/Semester_7/Drivers/BSP/SensorTile/SensorTile_audio.c:1032:13:BSP_AUDIO_OUT_Error_CallBack	0	static
/home/rajat/Desktop/COURSES/Semester_7/Drivers/BSP/SensorTile/SensorTile_audio.c:996:6:HAL_SAI_ErrorCallback	8	static
/home/rajat/Desktop/COURSES/Semester_7/Drivers/BSP/SensorTile/SensorTile_audio.c:1131:16:BSP_AUDIO_IN_DeInit	16	static
/home/rajat/Desktop/COURSES/Semester_7/Drivers/BSP/SensorTile/SensorTile_audio.c:1185:26:MX_DFSDM1_ClockConfig	144	static
/home/rajat/Desktop/COURSES/Semester_7/Drivers/BSP/SensorTile/SensorTile_audio.c:1256:26:MX_DFSDM1_Init	32	static
/home/rajat/Desktop/COURSES/Semester_7/Drivers/BSP/SensorTile/SensorTile_audio.c:1052:16:BSP_AUDIO_IN_Init	96	static
/home/rajat/Desktop/COURSES/Semester_7/Drivers/BSP/SensorTile/SensorTile_audio.c:1318:16:BSP_AUDIO_IN_PDMToPCM_Init	0	static
/home/rajat/Desktop/COURSES/Semester_7/Drivers/BSP/SensorTile/SensorTile_audio.c:1340:16:BSP_AUDIO_IN_PDMToPCM	0	static
/home/rajat/Desktop/COURSES/Semester_7/Drivers/BSP/SensorTile/SensorTile_audio.c:1359:9:BSP_AUDIO_IN_Record	8	static
/home/rajat/Desktop/COURSES/Semester_7/Drivers/BSP/SensorTile/SensorTile_audio.c:1394:9:BSP_AUDIO_IN_Stop	8	static
/home/rajat/Desktop/COURSES/Semester_7/Drivers/BSP/SensorTile/SensorTile_audio.c:1433:9:BSP_AUDIO_IN_Pause	8	static
/home/rajat/Desktop/COURSES/Semester_7/Drivers/BSP/SensorTile/SensorTile_audio.c:1472:9:BSP_AUDIO_IN_Resume	8	static
/home/rajat/Desktop/COURSES/Semester_7/Drivers/BSP/SensorTile/SensorTile_audio.c:1513:9:BSP_AUDIO_IN_RecordChannels	16	static
/home/rajat/Desktop/COURSES/Semester_7/Drivers/BSP/SensorTile/SensorTile_audio.c:1596:9:BSP_AUDIO_IN_PauseChannels	8	static
/home/rajat/Desktop/COURSES/Semester_7/Drivers/BSP/SensorTile/SensorTile_audio.c:1573:9:BSP_AUDIO_IN_StopChannels	8	static
/home/rajat/Desktop/COURSES/Semester_7/Drivers/BSP/SensorTile/SensorTile_audio.c:1637:9:BSP_AUDIO_IN_ResumeChannels	8	static,ignoring_inline_asm
/home/rajat/Desktop/COURSES/Semester_7/Drivers/BSP/SensorTile/SensorTile_audio.c:1680:9:BSP_AUDIO_IN_RecordPDM	0	static
/home/rajat/Desktop/COURSES/Semester_7/Drivers/BSP/SensorTile/SensorTile_audio.c:1700:9:BSP_AUDIO_IN_SetDevice	48	static
/home/rajat/Desktop/COURSES/Semester_7/Drivers/BSP/SensorTile/SensorTile_audio.c:1744:9:BSP_AUDIO_IN_GetDevice	0	static
/home/rajat/Desktop/COURSES/Semester_7/Drivers/BSP/SensorTile/SensorTile_audio.c:1766:9:BSP_AUDIO_IN_SetSampleRate	48	static
/home/rajat/Desktop/COURSES/Semester_7/Drivers/BSP/SensorTile/SensorTile_audio.c:1813:9:BSP_AUDIO_IN_GetSampleRate	0	static
/home/rajat/Desktop/COURSES/Semester_7/Drivers/BSP/SensorTile/SensorTile_audio.c:1837:9:BSP_AUDIO_IN_SetBitsPerSample	48	static
/home/rajat/Desktop/COURSES/Semester_7/Drivers/BSP/SensorTile/SensorTile_audio.c:1880:9:BSP_AUDIO_IN_GetBitsPerSample	0	static
/home/rajat/Desktop/COURSES/Semester_7/Drivers/BSP/SensorTile/SensorTile_audio.c:1902:9:BSP_AUDIO_IN_SetChannelsNbr	0	static
/home/rajat/Desktop/COURSES/Semester_7/Drivers/BSP/SensorTile/SensorTile_audio.c:1925:9:BSP_AUDIO_IN_GetChannelsNbr	0	static
/home/rajat/Desktop/COURSES/Semester_7/Drivers/BSP/SensorTile/SensorTile_audio.c:1947:9:BSP_AUDIO_IN_SetVolume	0	static
/home/rajat/Desktop/COURSES/Semester_7/Drivers/BSP/SensorTile/SensorTile_audio.c:1974:9:BSP_AUDIO_IN_GetVolume	0	static
/home/rajat/Desktop/COURSES/Semester_7/Drivers/BSP/SensorTile/SensorTile_audio.c:1997:9:BSP_AUDIO_IN_GetState	0	static
/home/rajat/Desktop/COURSES/Semester_7/Drivers/BSP/SensorTile/SensorTile_audio.c:2017:6:BSP_AUDIO_IN_DMA1_Stream4_IRQHandler	0	static
/home/rajat/Desktop/COURSES/Semester_7/Drivers/BSP/SensorTile/SensorTile_audio.c:2093:13:BSP_AUDIO_IN_TransferComplete_CallBack	0	static
/home/rajat/Desktop/COURSES/Semester_7/Drivers/BSP/SensorTile/SensorTile_audio.c:2030:6:HAL_DFSDM_FilterRegConvCpltCallback	40	static
/home/rajat/Desktop/COURSES/Semester_7/Drivers/BSP/SensorTile/SensorTile_audio.c:2107:13:BSP_AUDIO_IN_HalfTransfer_CallBack	0	static
/home/rajat/Desktop/COURSES/Semester_7/Drivers/BSP/SensorTile/SensorTile_audio.c:2062:6:HAL_DFSDM_FilterRegConvHalfCpltCallback	40	static
/home/rajat/Desktop/COURSES/Semester_7/Drivers/BSP/SensorTile/SensorTile_audio.c:2121:13:BSP_AUDIO_IN_Error_CallBack	0	static
