c:\st\stm32cubeide_1.10.1\stm32cubeide\plugins\com.st.stm32cube.ide.mcu.externaltools.gnu-tools-for-stm32.10.3-2021.10.win32_1.0.0.202111181127\tools\arm-none-eabi\include\c++\10.3.1\limits:1086:7:static constexpr int std::numeric_limits<int>::epsilon()	4	static
c:\st\stm32cubeide_1.10.1\stm32cubeide\plugins\com.st.stm32cube.ide.mcu.externaltools.gnu-tools-for-stm32.10.3-2021.10.win32_1.0.0.202111181127\tools\arm-none-eabi\include\c++\10.3.1\limits:1155:7:static constexpr unsigned int std::numeric_limits<unsigned int>::epsilon()	4	static
c:\st\stm32cubeide_1.10.1\stm32cubeide\plugins\com.st.stm32cube.ide.mcu.externaltools.gnu-tools-for-stm32.10.3-2021.10.win32_1.0.0.202111181127\tools\arm-none-eabi\include\c++\10.3.1\limits:1225:7:static constexpr long int std::numeric_limits<long int>::epsilon()	4	static
C:/Users/rashu/Downloads/STSW-STLKT01_V2.2.0/STSW-STLKT01_V2.2.0/Projects/SensorTile/Applications/AudioLoop_backup25July2020/STM32CubeIDE/tensorflow/tensorflow/lite/micro/testing/micro_test.h:78:13:void tflite::InitializeTest()	8	static
C:/Users/rashu/Downloads/STSW-STLKT01_V2.2.0/STSW-STLKT01_V2.2.0/Projects/SensorTile/Applications/AudioLoop_backup25July2020/STM32CubeIDE/tensorflow/tensorflow/lite/micro/memory_planner/non_persistent_buffer_planner_shim_test.cc:33:21:tflite::BufferPlan* {anonymous}::CreateBufferPlan()	16	static
C:/Users/rashu/Downloads/STSW-STLKT01_V2.2.0/STSW-STLKT01_V2.2.0/Projects/SensorTile/Applications/AudioLoop_backup25July2020/STM32CubeIDE/tensorflow/tensorflow/lite/micro/memory_planner/non_persistent_buffer_planner_shim_test.cc:48:1:int main(int, char**)	224	static
