C:/Users/rashu/Downloads/STSW-STLKT01_V2.2.0/STSW-STLKT01_V2.2.0/Projects/SensorTile/Applications/AudioLoop_backup25July2020/STM32CubeIDE/tensorflow/tensorflow/lite/micro/tools/make/downloads/cmsis/CMSIS/NN/Source/PoolingFunctions/arm_pool_q7_HWC.c:52:13:compare_and_replace_if_larger_q7	24	static
C:/Users/rashu/Downloads/STSW-STLKT01_V2.2.0/STSW-STLKT01_V2.2.0/Projects/SensorTile/Applications/AudioLoop_backup25July2020/STM32CubeIDE/tensorflow/tensorflow/lite/micro/tools/make/downloads/cmsis/CMSIS/NN/Source/PoolingFunctions/arm_pool_q7_HWC.c:96:13:accumulate_q7_to_q15	28	static,ignoring_inline_asm
C:/Users/rashu/Downloads/STSW-STLKT01_V2.2.0/STSW-STLKT01_V2.2.0/Projects/SensorTile/Applications/AudioLoop_backup25July2020/STM32CubeIDE/tensorflow/tensorflow/lite/micro/tools/make/downloads/cmsis/CMSIS/NN/Source/PoolingFunctions/arm_pool_q7_HWC.c:171:1:arm_maxpool_q7_HWC	72	static
C:/Users/rashu/Downloads/STSW-STLKT01_V2.2.0/STSW-STLKT01_V2.2.0/Projects/SensorTile/Applications/AudioLoop_backup25July2020/STM32CubeIDE/tensorflow/tensorflow/lite/micro/tools/make/downloads/cmsis/CMSIS/NN/Source/PoolingFunctions/arm_pool_q7_HWC.c:322:1:arm_avepool_q7_HWC	80	static
