/home/rajat/Desktop/COURSES/Semester_7/COL788/Assignment-2/optimized/Optimized_Transformer_code-master/STM32CubeIDE/tensorflow/tensorflow/lite/core/api/error_reporter.h:37:11:tflite::ErrorReporter::~ErrorReporter()	16	static
/home/rajat/Desktop/COURSES/Semester_7/COL788/Assignment-2/optimized/Optimized_Transformer_code-master/STM32CubeIDE/tensorflow/tensorflow/lite/core/api/error_reporter.h:37:11:virtual tflite::ErrorReporter::~ErrorReporter()	16	static
../../../Inc/micro_error_reporter.h:27:3:tflite::MicroErrorReporter::~MicroErrorReporter()	16	static
../../../Inc/micro_error_reporter.h:27:3:virtual tflite::MicroErrorReporter::~MicroErrorReporter()	16	static
/opt/st/stm32cubeide_1.13.2/plugins/com.st.stm32cube.ide.mcu.externaltools.gnu-tools-for-stm32.11.3.rel1.linux64_1.1.1.202309131626/tools/arm-none-eabi/include/c++/11.3.1/arm-none-eabi/thumb/v7e-m+fp/hard/bits/gthr-default.h:229:1:int __gthread_key_delete(__gthread_key_t)	16	static
/home/rajat/Desktop/COURSES/Semester_7/COL788/Assignment-2/optimized/Optimized_Transformer_code-master/STM32CubeIDE/third_party/flatbuffers/include/flatbuffers/flatbuffers.h:70:13:void flatbuffers::EndianCheck()	16	static
/home/rajat/Desktop/COURSES/Semester_7/COL788/Assignment-2/optimized/Optimized_Transformer_code-master/STM32CubeIDE/tensorflow/tensorflow/lite/schema/schema_generated.h:16225:29:const tflite::Model* tflite::GetModel(const void*)	16	static
/home/rajat/Desktop/COURSES/Semester_7/COL788/Assignment-2/optimized/Optimized_Transformer_code-master/STM32CubeIDE/tensorflow/tensorflow/lite/core/api/op_resolver.h:35:11:tflite::OpResolver::~OpResolver()	16	static
/home/rajat/Desktop/COURSES/Semester_7/COL788/Assignment-2/optimized/Optimized_Transformer_code-master/STM32CubeIDE/tensorflow/tensorflow/lite/core/api/op_resolver.h:35:11:virtual tflite::OpResolver::~OpResolver()	16	static
/home/rajat/Desktop/COURSES/Semester_7/COL788/Assignment-2/optimized/Optimized_Transformer_code-master/STM32CubeIDE/tensorflow/tensorflow/lite/micro/micro_op_resolver.h:53:29:virtual const TfLiteRegistration* tflite::MicroOpResolver::FindOp(tflite::BuiltinOperator, int) const	24	static
/home/rajat/Desktop/COURSES/Semester_7/COL788/Assignment-2/optimized/Optimized_Transformer_code-master/STM32CubeIDE/tensorflow/tensorflow/lite/micro/micro_op_resolver.h:60:29:virtual const TfLiteRegistration* tflite::MicroOpResolver::FindOp(const char*, int) const	24	static
/home/rajat/Desktop/COURSES/Semester_7/COL788/Assignment-2/optimized/Optimized_Transformer_code-master/STM32CubeIDE/tensorflow/tensorflow/lite/micro/micro_op_resolver.h:68:3:tflite::MicroOpResolver::~MicroOpResolver()	16	static
/home/rajat/Desktop/COURSES/Semester_7/COL788/Assignment-2/optimized/Optimized_Transformer_code-master/STM32CubeIDE/tensorflow/tensorflow/lite/micro/micro_op_resolver.h:68:3:virtual tflite::MicroOpResolver::~MicroOpResolver()	16	static
/home/rajat/Desktop/COURSES/Semester_7/COL788/Assignment-2/optimized/Optimized_Transformer_code-master/Src/main.cpp:39:6:void DebugLog(const char*)	16	static
/home/rajat/Desktop/COURSES/Semester_7/COL788/Assignment-2/optimized/Optimized_Transformer_code-master/Src/main.cpp:417:36:void __tcf_0()	8	static
/home/rajat/Desktop/COURSES/Semester_7/COL788/Assignment-2/optimized/Optimized_Transformer_code-master/Src/main.cpp:428:44:void __tcf_1()	8	static
/home/rajat/Desktop/COURSES/Semester_7/COL788/Assignment-2/optimized/Optimized_Transformer_code-master/Src/main.cpp:449:125:void __tcf_2()	8	static
/home/rajat/Desktop/COURSES/Semester_7/COL788/Assignment-2/optimized/Optimized_Transformer_code-master/Src/main.cpp:373:5:int main()	4232	static
/home/rajat/Desktop/COURSES/Semester_7/COL788/Assignment-2/optimized/Optimized_Transformer_code-master/Src/main.cpp:609:6:void HAL_TIM_PeriodElapsedCallback(TIM_HandleTypeDef*)	16	static
/home/rajat/Desktop/COURSES/Semester_7/COL788/Assignment-2/optimized/Optimized_Transformer_code-master/Src/main.cpp:622:6:void Error_Handler()	4	static
/home/rajat/Desktop/COURSES/Semester_7/COL788/Assignment-2/optimized/Optimized_Transformer_code-master/STM32CubeIDE/third_party/flatbuffers/include/flatbuffers/base.h:362:24:T flatbuffers::EndianScalar(T) [with T = long unsigned int]	16	static
/home/rajat/Desktop/COURSES/Semester_7/COL788/Assignment-2/optimized/Optimized_Transformer_code-master/STM32CubeIDE/third_party/flatbuffers/include/flatbuffers/flatbuffers.h:2086:31:const T* flatbuffers::GetRoot(const void*) [with T = tflite::Model]	16	static
/home/rajat/Desktop/COURSES/Semester_7/COL788/Assignment-2/optimized/Optimized_Transformer_code-master/STM32CubeIDE/tensorflow/tensorflow/lite/core/api/op_resolver.h:27:7:constexpr tflite::OpResolver::OpResolver()	16	static
/home/rajat/Desktop/COURSES/Semester_7/COL788/Assignment-2/optimized/Optimized_Transformer_code-master/STM32CubeIDE/tensorflow/tensorflow/lite/micro/micro_op_resolver.h:35:7:constexpr tflite::MicroOpResolver::MicroOpResolver()	16	static
/home/rajat/Desktop/COURSES/Semester_7/COL788/Assignment-2/optimized/Optimized_Transformer_code-master/STM32CubeIDE/tensorflow/tensorflow/lite/micro/micro_mutable_op_resolver.h:36:12:tflite::MicroMutableOpResolver<tOpCount>::MicroMutableOpResolver(tflite::ErrorReporter*) [with unsigned int tOpCount = 3]	16	static
/home/rajat/Desktop/COURSES/Semester_7/COL788/Assignment-2/optimized/Optimized_Transformer_code-master/STM32CubeIDE/tensorflow/tensorflow/lite/micro/micro_mutable_op_resolver.h:152:16:TfLiteStatus tflite::MicroMutableOpResolver<tOpCount>::AddConv2D() [with unsigned int tOpCount = 3]	48	static
/home/rajat/Desktop/COURSES/Semester_7/COL788/Assignment-2/optimized/Optimized_Transformer_code-master/STM32CubeIDE/tensorflow/tensorflow/lite/micro/micro_mutable_op_resolver.h:257:16:TfLiteStatus tflite::MicroMutableOpResolver<tOpCount>::AddMaxPool2D() [with unsigned int tOpCount = 3]	48	static
/home/rajat/Desktop/COURSES/Semester_7/COL788/Assignment-2/optimized/Optimized_Transformer_code-master/STM32CubeIDE/tensorflow/tensorflow/lite/micro/micro_mutable_op_resolver.h:262:16:TfLiteStatus tflite::MicroMutableOpResolver<tOpCount>::AddMean() [with unsigned int tOpCount = 3]	48	static
/home/rajat/Desktop/COURSES/Semester_7/COL788/Assignment-2/optimized/Optimized_Transformer_code-master/STM32CubeIDE/tensorflow/tensorflow/lite/micro/micro_mutable_op_resolver.h:184:16:TfLiteStatus tflite::MicroMutableOpResolver<tOpCount>::AddFullyConnected() [with unsigned int tOpCount = 3]	48	static
/home/rajat/Desktop/COURSES/Semester_7/COL788/Assignment-2/optimized/Optimized_Transformer_code-master/STM32CubeIDE/tensorflow/tensorflow/lite/micro/micro_mutable_op_resolver.h:348:16:TfLiteStatus tflite::MicroMutableOpResolver<tOpCount>::AddSoftmax() [with unsigned int tOpCount = 3]	48	static
/home/rajat/Desktop/COURSES/Semester_7/COL788/Assignment-2/optimized/Optimized_Transformer_code-master/STM32CubeIDE/tensorflow/tensorflow/lite/micro/micro_mutable_op_resolver.h:168:16:TfLiteStatus tflite::MicroMutableOpResolver<tOpCount>::AddDequantize() [with unsigned int tOpCount = 3]	48	static
/home/rajat/Desktop/COURSES/Semester_7/COL788/Assignment-2/optimized/Optimized_Transformer_code-master/STM32CubeIDE/third_party/flatbuffers/include/flatbuffers/flatbuffers.h:2079:25:T* flatbuffers::GetMutableRoot(void*) [with T = tflite::Model]	16	static
/home/rajat/Desktop/COURSES/Semester_7/COL788/Assignment-2/optimized/Optimized_Transformer_code-master/STM32CubeIDE/tensorflow/tensorflow/lite/micro/micro_mutable_op_resolver.h:403:16:TfLiteStatus tflite::MicroMutableOpResolver<tOpCount>::AddBuiltin(tflite::BuiltinOperator, const TfLiteRegistration&, tflite::MicroOpResolver::BuiltinParseFunction) [with unsigned int tOpCount = 3]	32	static
/home/rajat/Desktop/COURSES/Semester_7/COL788/Assignment-2/optimized/Optimized_Transformer_code-master/STM32CubeIDE/tensorflow/tensorflow/lite/micro/micro_mutable_op_resolver.h:39:29:const TfLiteRegistration* tflite::MicroMutableOpResolver<tOpCount>::FindOp(tflite::BuiltinOperator) const [with unsigned int tOpCount = 3]	24	static
/home/rajat/Desktop/COURSES/Semester_7/COL788/Assignment-2/optimized/Optimized_Transformer_code-master/STM32CubeIDE/tensorflow/tensorflow/lite/micro/micro_mutable_op_resolver.h:34:7:tflite::MicroMutableOpResolver<3>::~MicroMutableOpResolver()	16	static
/home/rajat/Desktop/COURSES/Semester_7/COL788/Assignment-2/optimized/Optimized_Transformer_code-master/STM32CubeIDE/tensorflow/tensorflow/lite/micro/micro_mutable_op_resolver.h:34:7:virtual tflite::MicroMutableOpResolver<3>::~MicroMutableOpResolver()	16	static
/home/rajat/Desktop/COURSES/Semester_7/COL788/Assignment-2/optimized/Optimized_Transformer_code-master/STM32CubeIDE/tensorflow/tensorflow/lite/micro/micro_mutable_op_resolver.h:51:29:const TfLiteRegistration* tflite::MicroMutableOpResolver<tOpCount>::FindOp(const char*) const [with unsigned int tOpCount = 3]	24	static
/home/rajat/Desktop/COURSES/Semester_7/COL788/Assignment-2/optimized/Optimized_Transformer_code-master/STM32CubeIDE/tensorflow/tensorflow/lite/micro/micro_mutable_op_resolver.h:62:41:TfLiteStatus (* tflite::MicroMutableOpResolver<tOpCount>::GetOpDataParser(tflite::BuiltinOperator) const)(const tflite::Operator*, tflite::ErrorReporter*, tflite::BuiltinDataAllocator*, void**) [with unsigned int tOpCount = 3]	24	static
