/home/rajat/Desktop/COURSES/Semester_7/COL788/Assignment-2/optimized/Optimized_Transformer_code-master/Src/usbd_conf_l4.c:42:6:HAL_PCD_MspInit	48	static
/home/rajat/Desktop/COURSES/Semester_7/COL788/Assignment-2/optimized/Optimized_Transformer_code-master/Src/usbd_conf_l4.c:76:6:HAL_PCD_MspDeInit	0	static
/home/rajat/Desktop/COURSES/Semester_7/COL788/Assignment-2/optimized/Optimized_Transformer_code-master/Src/usbd_conf_l4.c:95:6:HAL_PCD_SetupStageCallback	0	static
/home/rajat/Desktop/COURSES/Semester_7/COL788/Assignment-2/optimized/Optimized_Transformer_code-master/Src/usbd_conf_l4.c:105:6:HAL_PCD_DataOutStageCallback	0	static
/home/rajat/Desktop/COURSES/Semester_7/COL788/Assignment-2/optimized/Optimized_Transformer_code-master/Src/usbd_conf_l4.c:115:6:HAL_PCD_DataInStageCallback	0	static
/home/rajat/Desktop/COURSES/Semester_7/COL788/Assignment-2/optimized/Optimized_Transformer_code-master/Src/usbd_conf_l4.c:125:6:HAL_PCD_SOFCallback	0	static
/home/rajat/Desktop/COURSES/Semester_7/COL788/Assignment-2/optimized/Optimized_Transformer_code-master/Src/usbd_conf_l4.c:135:6:HAL_PCD_ResetCallback	8	static
/home/rajat/Desktop/COURSES/Semester_7/COL788/Assignment-2/optimized/Optimized_Transformer_code-master/Src/usbd_conf_l4.c:149:6:HAL_PCD_SuspendCallback	0	static
/home/rajat/Desktop/COURSES/Semester_7/COL788/Assignment-2/optimized/Optimized_Transformer_code-master/Src/usbd_conf_l4.c:159:6:HAL_PCD_ResumeCallback	0	static
/home/rajat/Desktop/COURSES/Semester_7/COL788/Assignment-2/optimized/Optimized_Transformer_code-master/Src/usbd_conf_l4.c:169:6:HAL_PCD_ISOOUTIncompleteCallback	0	static
/home/rajat/Desktop/COURSES/Semester_7/COL788/Assignment-2/optimized/Optimized_Transformer_code-master/Src/usbd_conf_l4.c:179:6:HAL_PCD_ISOINIncompleteCallback	0	static
/home/rajat/Desktop/COURSES/Semester_7/COL788/Assignment-2/optimized/Optimized_Transformer_code-master/Src/usbd_conf_l4.c:189:6:HAL_PCD_ConnectCallback	0	static
/home/rajat/Desktop/COURSES/Semester_7/COL788/Assignment-2/optimized/Optimized_Transformer_code-master/Src/usbd_conf_l4.c:199:6:HAL_PCD_DisconnectCallback	0	static
/home/rajat/Desktop/COURSES/Semester_7/COL788/Assignment-2/optimized/Optimized_Transformer_code-master/Src/usbd_conf_l4.c:213:21:USBD_LL_Init	16	static
/home/rajat/Desktop/COURSES/Semester_7/COL788/Assignment-2/optimized/Optimized_Transformer_code-master/Src/usbd_conf_l4.c:249:21:USBD_LL_DeInit	8	static
/home/rajat/Desktop/COURSES/Semester_7/COL788/Assignment-2/optimized/Optimized_Transformer_code-master/Src/usbd_conf_l4.c:261:21:USBD_LL_Start	8	static
/home/rajat/Desktop/COURSES/Semester_7/COL788/Assignment-2/optimized/Optimized_Transformer_code-master/Src/usbd_conf_l4.c:273:21:USBD_LL_Stop	8	static
/home/rajat/Desktop/COURSES/Semester_7/COL788/Assignment-2/optimized/Optimized_Transformer_code-master/Src/usbd_conf_l4.c:288:21:USBD_LL_OpenEP	8	static
/home/rajat/Desktop/COURSES/Semester_7/COL788/Assignment-2/optimized/Optimized_Transformer_code-master/Src/usbd_conf_l4.c:308:21:USBD_LL_CloseEP	8	static
/home/rajat/Desktop/COURSES/Semester_7/COL788/Assignment-2/optimized/Optimized_Transformer_code-master/Src/usbd_conf_l4.c:321:21:USBD_LL_FlushEP	8	static
/home/rajat/Desktop/COURSES/Semester_7/COL788/Assignment-2/optimized/Optimized_Transformer_code-master/Src/usbd_conf_l4.c:334:21:USBD_LL_StallEP	8	static
/home/rajat/Desktop/COURSES/Semester_7/COL788/Assignment-2/optimized/Optimized_Transformer_code-master/Src/usbd_conf_l4.c:347:21:USBD_LL_ClearStallEP	8	static
/home/rajat/Desktop/COURSES/Semester_7/COL788/Assignment-2/optimized/Optimized_Transformer_code-master/Src/usbd_conf_l4.c:360:9:USBD_LL_IsStallEP	0	static
/home/rajat/Desktop/COURSES/Semester_7/COL788/Assignment-2/optimized/Optimized_Transformer_code-master/Src/usbd_conf_l4.c:380:21:USBD_LL_SetUSBAddress	8	static
/home/rajat/Desktop/COURSES/Semester_7/COL788/Assignment-2/optimized/Optimized_Transformer_code-master/Src/usbd_conf_l4.c:395:21:USBD_LL_Transmit	8	static
/home/rajat/Desktop/COURSES/Semester_7/COL788/Assignment-2/optimized/Optimized_Transformer_code-master/Src/usbd_conf_l4.c:410:21:USBD_LL_PrepareReceive	8	static
/home/rajat/Desktop/COURSES/Semester_7/COL788/Assignment-2/optimized/Optimized_Transformer_code-master/Src/usbd_conf_l4.c:426:10:USBD_LL_GetRxDataSize	0	static
/home/rajat/Desktop/COURSES/Semester_7/COL788/Assignment-2/optimized/Optimized_Transformer_code-master/Src/usbd_conf_l4.c:437:7:USBD_LL_Delay	0	static
