C:/Users/rashu/Downloads/STSW-STLKT01_V2.2.0/STSW-STLKT01_V2.2.0/Projects/SensorTile/Applications/AudioLoop_backup25July2020/STM32CubeIDE/tensorflow/tensorflow/lite/core/api/error_reporter.h:37:11:tflite::ErrorReporter::~ErrorReporter()	16	static
C:/Users/rashu/Downloads/STSW-STLKT01_V2.2.0/STSW-STLKT01_V2.2.0/Projects/SensorTile/Applications/AudioLoop_backup25July2020/STM32CubeIDE/tensorflow/tensorflow/lite/core/api/error_reporter.h:37:11:virtual tflite::ErrorReporter::~ErrorReporter()	16	static
C:/Users/rashu/Downloads/STSW-STLKT01_V2.2.0/STSW-STLKT01_V2.2.0/Projects/SensorTile/Applications/AudioLoop_backup25July2020/STM32CubeIDE/tensorflow/tensorflow/lite/micro/micro_error_reporter.h:27:3:tflite::MicroErrorReporter::~MicroErrorReporter()	16	static
C:/Users/rashu/Downloads/STSW-STLKT01_V2.2.0/STSW-STLKT01_V2.2.0/Projects/SensorTile/Applications/AudioLoop_backup25July2020/STM32CubeIDE/tensorflow/tensorflow/lite/micro/micro_error_reporter.h:27:3:virtual tflite::MicroErrorReporter::~MicroErrorReporter()	16	static
C:/Users/rashu/Downloads/STSW-STLKT01_V2.2.0/STSW-STLKT01_V2.2.0/Projects/SensorTile/Applications/AudioLoop_backup25July2020/STM32CubeIDE/tensorflow/tensorflow/lite/micro/micro_error_reporter.cc:27:5:virtual int tflite::MicroErrorReporter::Report(const char*, va_list)	280	static
